+----------------------------------------------------------+
X                                       |       |          X
X                                       |       |          X
XP                                      |    A  |         PX
X                                       +XXXXXXX|          X
X                                               |          X
+------------------------------------+          |          +
|              C                                |          |
|                                               |          |
|                                               |          |
|                                               |          |
|                                               |          |
|          +------------------------------------+          |
|                                                          |
|      E                                                   |
|                                                          |
+----------------------------------------------------------+
