+-----------------------+XXXXXXX+-------------------------+ 
X                           P                              X
X                                                          X
XP                                                        PX
X                                                          X
X                                                          X
+                                                          +
|XX                                                        |
|AX                           C                            |
|XX                                                        |
|AX                                                        |
|XX                                                        |
|AX                                                        |
|XX                                                        |
|                                                          |
| C                         P                             C|
+-----------------------+XXXXXXX+-------------------------+ 
