Example of the map built by 1.txt
+----------------------------------------------------------X
|P                                                         X
|                                                          X
|                                                          X
|                                                          X
|                                                          +
|                                                          |
|                                                          |
|                                                          |
|                                                          |
|                                                          |
|                                                          |
|                                                          |
|                                                          |
|                                                          |
|                                                          |
+----------------------------------------------------------+
