Example of the map built by 1.txt


+----------------------------------------------------------+
XP                                                         X
X                                                          X
X                              A                           X
X                                                          X
X                                                          X 
+                                                          +
|                                                          |
|                                                          |
|                                                          |
|                                                          |
|                                                          |
|                                                          |
|                                                          |
|                                                          |
|                                                          |
+----------------------------------------------------------+
