+----------------------------------------------------------+
X                                                          X
X                                                          X
XP                                                        PX
X                                                          X
X                                                          X
+                                                          +
|                                                          |
|                                                          |
|                                                          |
|                                                          |
|                                                          |
|                                                          |
|                            KS                            |
|                                                          |
|                                                          |
+----------------------------------------------------------+
