+----------------------------------------------------------+
XP     |                                        |          X
X      |                                        |          X
X      |     +---------------------+            |          X
X      |     |                                  |          X
X      |     |   A C                            |          X
+      |     |                                  |          +
|      |     +--------------------------------- |          |
|      |                                        |          |
|      |                                        |          |
|      |     +---------------------+            |          |
|      |     |                                  |          |
|      +     |                                  |          |
|            |     +----------------------------+          |
|            |                                             |
|            |                                             |
+----------------------------------------------------------+
