+----------------------------------------------------------+
X      |                                        |          X
X      |                                        |          X
XP     |     +---------------------+            |         PX
X      |     |      |                           |          X
X      |     |   A  +                           |          X
+      |     |      X         K                 |          +
|      |     +--------------------------------- |          |
|      |           C                            |          |
|      |                                        |          |
|      |     +---------------------+     K      |          |
|      |     |                                  |          |
|      +     |                                  |          |
|            |     +----------------------------+          |
|   K        |                                             |
|            |                                             |
+----------------------------------------------------------+
