+----------------------------------------------------------+
X                                       |       |          X
X                                       |       |          X
XP                                      |    A  |         PX
X                                     S +XXXXXXX|          X
X                                               |          X
+------------------------------------+          |          +
|              C                                |          |
|                                               |          |
|                             K                 |          |
|                                               |          |
|                                               |          |
|          +------------------------------------+          |
|                                                          |
|    S                                                     |
|                                                          |
+----------------------------------------------------------+
