+----------------------------------------------------------+
X          +-----------------------------------+           X
X          |   |                                           X
XP         | A |                                          PX
X          |   |                                           X
X          |XXX+     +-------------------------+           X
+          |                                   |           +
|          |   C                               |           |
|          |                  E                |           |
|          |                                   |           |
|          |                                   |           |
|          +----------------------+            |           |
|                                              |           |
|                                              |           |
|                                              |           |
|          +-----------------------------------+           |
+----------------------------------------------------------+
