+-----------------------+XXXXXXX+--------------------------+
|                           P           +                  X
|                                       |                  X
|                                       |                 PX
|                                       |                  X
|                                       |                  X
|                                       |                  +
|                                       |                  |
|   +-----------------------------------|                  |
|                                       |                  |
|                                       |                  |
|                                       |                  |
|                                       |                  |
|XXXX                                   |                  |
|   X                                   +                  |
|A  X                                                     C|
+----------------------------------------------------------+
