+-----------------------+XXXXXXX+--------------------------+
|                           P           +                  X
|                                       |                  X
|                                       |                 PX
|     S                                 |                  X
|                                       |                  X
|                                       |                  +
|                                       |                  |
|   +---------------K-------------------|                  |
|                                  K    |                  |
|                                       |                  |
|                                       |                  |
|                                       |                  |
|XXXX                                   |                  |
|   X                                   +                  |
|A  X                                                     C|
+----------------------------------------------------------+
