+-----------------------+XXXXXXX+-------------------------+ 
X         +                 P                              +
X         |                                                |
XP        |                                                |
X         |                                                |
X         |                                                |
+         |                                                |
|         |                                                |
|         |+-------------------------------------------+   |
|         |                                                |
|         |                                                |
|         |                                                |
|         |                                                |
|         |                                                |
|         +                                                |
|A                                                        C|
+----------------------------------------------------------+
