+-----------------------+XXXXXXX+-------------------------+ 
X         +                 P                              +
X         |                                                |
XP        |                                                |
X         |                                                |
X         |                                                |
+         |XX                                              |
|         |AX                                              |
|         |+-------------------------------------------+   |
|         |                                                |
|         |                                                |
|         |                                                |
|         |                                                |
|         |                                                |
|         +                                                |
|                                                         C|
+----------------------------------------------------------+
