+----------------------------------------------------------+
X                                       +                  +
X              +                        |                  |
XP             |                        |                  |
X              |                        |                  |
X              |                        |                  |
+              |                        +                  |
|              |                        C                  |
|              |+--------------------------------------+   |
|              |                                           |
|              |                                           |
|              |                                           |
|              |                                           |
|              |                                           |
|              |                                           |
|A             +            P                              |
+-----------------------+XXXXXXX+-------------------------+ 
