+----------------------------------------------------------+
X                                       |                  |
X              +                        |                  |
XP             |                        |                  |
X              |                        |                  |
X              |                        |                  |
+              |                        +                  |
|              |                        C                  |
|              |+--------------------------------------+   |
|              |                                           |
|              |                                           |
|              |                                           |
|              |                                           |
|XXXX          |              K                            |
|   X S        |                                           |
|A  X          +            P                              |
+-----------------------+XXXXXXX+--------------------------+
