+----------------------------------------------------------+
|                                       |                  X
|                                       |                  X
|                                       |                 PX
|                                       |                  X
|              +             C          |                  X
|              |                        +                  |
|              |           S                               |
|              |                                           |
|              |                                           |
|XXXXXXXXXXXXXX|         +---------------------------------|
|              |                                           |
|              |                                           |
|      A       |                                           |
|              |                                           |
|              |            P                              |
+-----------------------+XXXXXXX+--------------------------+
