+----------------------------------------------------------+
+                                       +                  X
|              +                        |                  X
|              |                        |                 PX
|              |                        |                  X
|              |                        |                  X
|              |                        +                  +
|              |                        C                  |
|              |   +--------------------------------------+|
|              |                                           |
|              |                                           |
|              |                                           |
|              |                                           |
|              |                                           |
|              |                                           |
|A             +            P                              |
+-----------------------+XXXXXXX+-------------------------+ 
