+-----------------------+XXXXXXX+-------------------------+ 
X                           P                              X
X                                                          X
XP                                                        PX
X                                                          X
X                        XXXXXXXXXXX                       X
+                        X         X                       +
|XX                      X         X                     XX|
|AX C                    X   S K   X                   C XA|
|XX                      X         X                     XX|
|                        XXXXXXXXXXX                       |
|XX                           C                          XX|
|AX C                                                  C XA|
|XX                                                      XX|
|                                                          |
|                           P                              |
+-----------------------+XXXXXXX+-------------------------+ 
