+-----------------------+XXXXXXX+-------------------------+ 
X                           P                              X
X                                                          X
XP                                                        PX
X                                                          X
X                                                          X
+                                                          +
|                                                          |
|                             C                            |
|                                                          |
|                                                          |
|                                                          |
|                                                          |
|                                                          |
|                                                          |
| C                         P                             C|
+-----------------------+XXXXXXX+-------------------------+ 
